CCS PCM C Compiler, Version 3.249, 33340               10-Mar-14 21:44

               Filename: C:\Users\GRT EMBEDDED\Desktop\Ganesh\CAN_PROJECT\PIC16F877A\LDR.lst

               ROM used: 122 words (1%)
                         Largest free fragment is 2048
               RAM used: 8 (5%) at main() level
                         9 (5%) worst case
               Stack:    1 locations

*
0000:  MOVLW  00
0001:  MOVWF  0A
0002:  GOTO   019
0003:  NOP
.................... #INCLUDE<16F877A.H> 
.................... //////// Standard Header file for the PIC16F877A device //////////////// 
.................... #device PIC16F877A 
.................... #list 
....................  
.................... #USE DELAY(CLOCK=11059200) 
0004:  MOVLW  23
0005:  MOVWF  04
0006:  MOVF   00,W
0007:  BTFSC  03.2
0008:  GOTO   016
0009:  MOVLW  03
000A:  MOVWF  78
000B:  CLRF   77
000C:  DECFSZ 77,F
000D:  GOTO   00C
000E:  DECFSZ 78,F
000F:  GOTO   00B
0010:  MOVLW  95
0011:  MOVWF  77
0012:  DECFSZ 77,F
0013:  GOTO   012
0014:  DECFSZ 00,F
0015:  GOTO   009
0016:  BCF    0A.3
0017:  BCF    0A.4
0018:  GOTO   050 (RETURN)
....................  
.................... #BYTE PORTA=0X05 
.................... #BYTE TRISA=0X85 
....................  
.................... #BYTE PORTC=0X07 
.................... #BYTE TRISC=0X87 
....................  
.................... #DEFINE LDR 400 
....................  
.................... UNSIGNED INT16 VALUE=0; 
*
0023:  BCF    03.5
0024:  CLRF   20
0025:  CLRF   21
....................  
.................... void main() 
.................... { 
*
0019:  CLRF   04
001A:  MOVLW  1F
001B:  ANDWF  03,F
001C:  BSF    03.5
001D:  BSF    1F.0
001E:  BSF    1F.1
001F:  BSF    1F.2
0020:  BCF    1F.3
0021:  MOVLW  07
0022:  MOVWF  1C
....................  
....................    setup_adc_ports(AN0); 
*
0028:  BSF    03.5
0029:  BCF    1F.0
002A:  BSF    1F.1
002B:  BSF    1F.2
002C:  BSF    1F.3
....................    setup_adc(ADC_CLOCK_INTERNAL); 
002D:  BCF    1F.6
002E:  BCF    03.5
002F:  BSF    1F.6
0030:  BSF    1F.7
0031:  BSF    03.5
0032:  BCF    1F.7
0033:  BCF    03.5
0034:  BSF    1F.0
....................    setup_ccp1(CCP_PWM); 
*
0026:  MOVLW  FF
0027:  MOVWF  22
*
0035:  BCF    22.2
0036:  MOVF   22,W
0037:  BSF    03.5
0038:  MOVWF  07
0039:  BCF    03.5
003A:  BCF    07.2
003B:  MOVLW  0C
003C:  MOVWF  17
....................    setup_comparator(NC_NC_NC_NC); 
003D:  MOVLW  07
003E:  BSF    03.5
003F:  MOVWF  1C
0040:  MOVF   05,W
0041:  MOVLW  08
0042:  MOVWF  77
0043:  DECFSZ 77,F
0044:  GOTO   043
0045:  NOP
0046:  NOP
0047:  MOVF   1C,W
0048:  BCF    03.5
0049:  BCF    0D.6
....................    setup_vref(FALSE); 
004A:  BSF    03.5
004B:  CLRF   1D
....................     
.................... WHILE(1) 
.................... {   
....................    delay_ms(100); 
004C:  MOVLW  64
004D:  BCF    03.5
004E:  MOVWF  23
004F:  GOTO   004
....................    set_adc_channel(0); 
0050:  MOVLW  00
0051:  MOVWF  78
0052:  MOVF   1F,W
0053:  ANDLW  C7
0054:  IORWF  78,W
0055:  MOVWF  1F
....................    delay_us(100);         //wait for the acquisition time 
0056:  MOVLW  5B
0057:  MOVWF  77
0058:  DECFSZ 77,F
0059:  GOTO   058
005A:  NOP
005B:  NOP
....................    VALUE=read_adc(); 
005C:  BSF    1F.2
005D:  BTFSC  1F.2
005E:  GOTO   05D
005F:  MOVF   1E,W
0060:  CLRF   21
0061:  MOVWF  20
....................    delay_us(4);   
0062:  MOVLW  03
0063:  MOVWF  77
0064:  DECFSZ 77,F
0065:  GOTO   064
0066:  NOP
....................     
....................    if(value>LDR) 
0067:  MOVF   21,W
0068:  SUBLW  00
0069:  BTFSC  03.0
006A:  GOTO   075
006B:  XORLW  FF
006C:  BTFSS  03.2
006D:  GOTO   072
006E:  MOVF   20,W
006F:  SUBLW  90
0070:  BTFSC  03.0
0071:  GOTO   075
....................    { 
....................     set_pwm1_duty(20); 
0072:  MOVLW  14
0073:  MOVWF  15
....................    } 
....................    ELSE  
0074:  GOTO   077
....................    {  
....................    set_pwm1_duty(100); 
0075:  MOVLW  64
0076:  MOVWF  15
....................    }   
.................... } 
0077:  BSF    03.5
0078:  GOTO   04C
.................... } 
0079:  SLEEP
