ARM Linker, RVCT3.1 [Build 914] for uVision [Standard]

================================================================================

Section Cross References

    startup.o(STACK) refers (Special) to stkheap2.o(.text) for __use_two_region_memory
    startup.o(HEAP) refers (Special) to stkheap2.o(.text) for __use_two_region_memory
    startup.o(RESET) refers to startup.o(STACK) for Stack_Top
    startup.o(RESET) refers to __main.o(!!!main) for __main
    startup.o(RESET) refers (Special) to stkheap2.o(.text) for __use_two_region_memory
    startup.o(.text) refers to startup.o(HEAP) for Heap_Mem
    startup.o(.text) refers to startup.o(STACK) for Stack_Mem
    startup.o(.text) refers (Special) to stkheap2.o(.text) for __use_two_region_memory
    atm.o(.text) refers to aeabi_sdiv.o(.text_udiv) for __aeabi_uidivmod
    atm.o(.text) refers to atm.o(.data) for PATA
    atm.o(.text) refers to atm.o(.bss) for msg_read
    aeabi_sdiv.o(.text_udiv) refers to aeabi_sdiv.o(.text) for __arm_div4
    aeabi_sdiv_div0.o(.text_udiv) refers to aeabi_sdiv_div0.o(.text) for __arm_div4
    stkheap2.o(.text) refers to sys_stackheap_outer.o(.text) for __user_setup_stackheap
    stkheap2.o(.text) refers to rt_stackheap_storage_intlibspace.o(.text) for __rt_stackheap_storage
    __main.o(!!!main) refers to kernel.o(.text) for __rt_entry
    kernel.o(.text) refers to stkheap2.o(.text) for __rt_stackheap_init
    kernel.o(.text) refers to boardinit2.o(.text) for _platform_post_stackheap_init
    kernel.o(.text) refers to lib_init.o(.text) for __rt_lib_init
    kernel.o(.text) refers to boardinit3.o(.text) for _platform_post_lib_init
    kernel.o(.text) refers to exit.o(.text) for exit
    kernel.o(.text) refers to atm.o(.text) for main
    kernel.o(.text) refers to sys_exit.o(.text) for _sys_exit
    kernel.o(.ARM.exidx) refers to kernel.o(.text) for __rt_entry
    sys_stackheap_outer.o(.text) refers to libspace.o(.text) for __user_perproc_libspace
    sys_stackheap_outer.o(.text) refers to startup.o(.text) for __user_initial_stackheap
    aeabi_idiv0_sigfpe.o(.text) refers to rt_div0.o(.text) for __rt_div0
    rt_stackheap_storage.o(.text) refers to rt_stackheap_storage.o(.bss) for __rt_stackheap_storage_data
    rt_stackheap_storage_intlibspace.o(.text) refers (Weak) to libspace.o(.bss) for __libspace_start
    rt_stackheap_storage_onelibspace.o(.text) refers (Weak) to libspace.o(.text) for __user_libspace
    rt_stackheap_storage_twolibspace.o(.text) refers (Weak) to libspace.o(.text) for __user_perproc_libspace
    sys_exit.o(.text) refers to use_no_semi.o(.text) for __I_use_semihosting
    libspace.o(.text) refers to libspace.o(.bss) for __libspace_start
    rt_div0.o(.text) refers to defsig_fpe_outer.o(.text) for __rt_SIGFPE
    exit.o(.text) refers to kernel.o(.text) for __rt_exit
    stkheap1.o(.text) refers to sys_stackheap_outer.o(.text) for __user_setup_stackheap
    stkheap1.o(.text) refers to rt_stackheap_storage_intlibspace.o(.text) for __rt_stackheap_storage
    lib_init.o(.emb_text) refers to no_argv.o(.text) for __ARM_get_argv
    lib_init.o(.text) refers to fpinit.o(x$fpl$fpinit) for _fp_init
    lib_init.o(.text) refers to lib_init.o(.emb_text) for __ARM_argv_veneer
    lib_init.o(.text) refers to rt_locale_intlibspace.o(.text) for __rt_locale
    rt_locale.o(.text) refers to rt_locale.o(.bss) for __rt_locale_data
    rt_locale_intlibspace.o(.text) refers (Weak) to libspace.o(.bss) for __libspace_start
    rt_locale_onelibspace.o(.text) refers (Weak) to libspace.o(.text) for __user_libspace
    rt_locale_twolibspace.o(.text) refers (Weak) to libspace.o(.text) for __user_perproc_libspace
    defsig_fpe_outer.o(.text) refers to defsig_fpe_inner.o(.text) for __rt_SIGFPE_inner
    defsig_fpe_outer.o(.text) refers to defsig_exit.o(.text) for __sig_exit
    defsig_fpe_formal.o(.text) refers to rt_raise.o(.text) for __rt_raise
    defsig_fpe_formal.o(.text) refers (Special) to defsig_fpe_inner.o(.text) for __rt_SIGFPE_inner
    _get_argv.o(.text) refers to heapext.o(.text) for __heap_extend
    _get_argv.o(.text) refers to defsig_rtmem_outer.o(.text) for __rt_SIGRTMEM
    _get_argv.o(.text) refers to sys_command.o(.text) for _sys_command_string
    _get_argv.o(.text) refers (Special) to hrguard.o(.text) for __heap_region_guard
    fpinit.o(x$fpl$fpinit) refers to rt_fp_status_addr_intlibspace.o(.text) for __rt_fp_status_addr
    sys_command.o(.text) refers (Special) to use_no_semi.o(.text) for __I_use_semihosting
    rt_raise.o(.text) refers to __raise.o(.text) for __raise
    rt_raise.o(.text) refers to sys_exit.o(.text) for _sys_exit
    rt_fp_status_addr.o(.text) refers to rt_fp_status_addr.o(.bss) for __rt_fp_status_addr_data
    rt_fp_status_addr_intlibspace.o(.text) refers (Weak) to libspace.o(.bss) for __libspace_start
    rt_fp_status_addr_onelibspace.o(.text) refers (Weak) to libspace.o(.text) for __user_libspace
    rt_fp_status_addr_twolibspace.o(.text) refers (Weak) to libspace.o(.text) for __user_perthread_libspace
    defsig_exit.o(.text) refers to sys_exit.o(.text) for _sys_exit
    defsig_fpe_inner.o(.text) refers to defsig_general.o(.text) for __default_signal_display
    defsig_rtmem_outer.o(.text) refers to defsig_rtmem_inner.o(.text) for __rt_SIGRTMEM_inner
    defsig_rtmem_outer.o(.text) refers to defsig_exit.o(.text) for __sig_exit
    defsig_rtmem_formal.o(.text) refers to rt_raise.o(.text) for __rt_raise
    defsig_rtmem_formal.o(.text) refers (Special) to defsig_rtmem_inner.o(.text) for __rt_SIGRTMEM_inner
    heapext.o(.text) refers to stkheap2.o(.text) for __rt_heap_extend
    __raise.o(.text) refers to defsig.o(CL$$defsig) for __default_signal_handler
    __raise.o(.text) refers to callvia.o(.text) for __ARM_call_via_r2
    defsig_general.o(.text) refers to sys_wrch.o(.text) for _ttywrch
    defsig_rtmem_inner.o(.text) refers to defsig_general.o(.text) for __default_signal_display
    sys_wrch.o(.text) refers (Special) to use_no_semi.o(.text) for __I_use_semihosting
    defsig.o(CL$$defsig) refers (Weak) to defsig_fpe_inner.o(.text) for __rt_SIGFPE_inner
    defsig.o(CL$$defsig) refers (Weak) to defsig_rtmem_inner.o(.text) for __rt_SIGRTMEM_inner


================================================================================

Adding Veneers to the image

    Adding TA veneer (8 bytes, Short) for call to '__rt_exit' from exit.o(.text).
    Adding AT veneer (12 bytes, Long) for call to '__rt_lib_shutdown' from kernel.o(.text).
    Adding TA veneer (4 bytes, Inline) for call to '_fp_init' from lib_init.o(.text).
    Adding TA veneer (4 bytes, Inline) for call to '__rt_locale' from lib_init.o(.text).
    Adding AT veneer (8 bytes, Inline) for call to '__rt_lib_init' from kernel.o(.text).
    Adding TA veneer (4 bytes, Inline) for call to '__ARM_argv_veneer' from lib_init.o(.text).

6 Veneer(s) (total 40 bytes) added to the image.

================================================================================

Image Symbol Table

    Local Symbols

    Symbol Name                              Value     Ov Type        Size  Object(Section)

    RESET                                    0x00000000   Section      272  startup.o(RESET)
    ../../angel/boardlib.s                   0x00000000   Number         0  boardinit3.o ABSOLUTE
    ../../angel/boardlib.s                   0x00000000   Number         0  boardshut.o ABSOLUTE
    ../../angel/boardlib.s                   0x00000000   Number         0  cpuinit.o ABSOLUTE
    ../../angel/boardlib.s                   0x00000000   Number         0  boardinit2.o ABSOLUTE
    ../../angel/boardlib.s                   0x00000000   Number         0  boardinit1.o ABSOLUTE
    ../../angel/handlers.s                   0x00000000   Number         0  __scatter_zi.o ABSOLUTE
    ../../angel/handlers.s                   0x00000000   Number         0  __scatter_copy.o ABSOLUTE
    ../../angel/kernel.s                     0x00000000   Number         0  kernel.o ABSOLUTE
    ../../angel/rt.s                         0x00000000   Number         0  rt_div0.o ABSOLUTE
    ../../angel/rt.s                         0x00000000   Number         0  rt_stackheap_storage_onelibspace.o ABSOLUTE
    ../../angel/rt.s                         0x00000000   Number         0  rt_stackheap_storage_intlibspace.o ABSOLUTE
    ../../angel/rt.s                         0x00000000   Number         0  rt_stackheap_storage_twolibspace.o ABSOLUTE
    ../../angel/rt.s                         0x00000000   Number         0  rt_stackheap_storage.o ABSOLUTE
    ../../angel/rt.s                         0x00000000   Number         0  aeabi_idiv0_sigfpe.o ABSOLUTE
    ../../angel/rt.s                         0x00000000   Number         0  aeabi_idiv0.o ABSOLUTE
    ../../angel/rt.s                         0x00000000   Number         0  rt_fp_status_addr_twolibspace.o ABSOLUTE
    ../../angel/rt.s                         0x00000000   Number         0  rt_fp_status_addr_onelibspace.o ABSOLUTE
    ../../angel/rt.s                         0x00000000   Number         0  rt_fp_status_addr_intlibspace.o ABSOLUTE
    ../../angel/rt.s                         0x00000000   Number         0  rt_fp_status_addr.o ABSOLUTE
    ../../angel/rt.s                         0x00000000   Number         0  rt_raise.o ABSOLUTE
    ../../angel/rt.s                         0x00000000   Number         0  rt_locale_onelibspace.o ABSOLUTE
    ../../angel/rt.s                         0x00000000   Number         0  rt_locale.o ABSOLUTE
    ../../angel/rt.s                         0x00000000   Number         0  rt_locale_twolibspace.o ABSOLUTE
    ../../angel/rt.s                         0x00000000   Number         0  rt_locale_intlibspace.o ABSOLUTE
    ../../angel/scatter.s                    0x00000000   Number         0  __scatter.o ABSOLUTE
    ../../angel/startup.s                    0x00000000   Number         0  __main.o ABSOLUTE
    ../../angel/sys.s                        0x00000000   Number         0  sys_stackheap_outer.o ABSOLUTE
    ../../angel/sys.s                        0x00000000   Number         0  use_no_semi.o ABSOLUTE
    ../../angel/sys.s                        0x00000000   Number         0  sys_exit.o ABSOLUTE
    ../../angel/sys.s                        0x00000000   Number         0  libspace.o ABSOLUTE
    ../../angel/sysapp.c                     0x00000000   Number         0  sys_wrch.o ABSOLUTE
    ../../angel/sysapp.c                     0x00000000   Number         0  sys_command.o ABSOLUTE
    ../../armsys.c                           0x00000000   Number         0  lib_init.o ABSOLUTE
    ../../armsys.c                           0x00000000   Number         0  no_argv.o ABSOLUTE
    ../../armsys.c                           0x00000000   Number         0  _get_argv.o ABSOLUTE
    ../../armsys.c                           0x00000000   Number         0  lib_init.o ABSOLUTE
    ../../division.s                         0x00000000   Number         0  aeabi_sdiv_div0.o ABSOLUTE
    ../../division.s                         0x00000000   Number         0  aeabi_sdiv.o ABSOLUTE
    ../../divrt.s                            0x00000000   Number         0  divrt_7tdmi.o ABSOLUTE
    ../../divrt.s                            0x00000000   Number         0  divrt_7tdmi_div0.o ABSOLUTE
    ../../fpinit.s                           0x00000000   Number         0  fpinit.o ABSOLUTE
    ../../heapalloc.c                        0x00000000   Number         0  hrguard.o ABSOLUTE
    ../../signal.c                           0x00000000   Number         0  defsig_exit.o ABSOLUTE
    ../../signal.c                           0x00000000   Number         0  defsig_fpe_inner.o ABSOLUTE
    ../../signal.c                           0x00000000   Number         0  defsig_rtmem_formal.o ABSOLUTE
    ../../signal.c                           0x00000000   Number         0  __raise.o ABSOLUTE
    ../../signal.c                           0x00000000   Number         0  defsig_general.o ABSOLUTE
    ../../signal.c                           0x00000000   Number         0  defsig_rtmem_inner.o ABSOLUTE
    ../../signal.c                           0x00000000   Number         0  defsig_fpe_outer.o ABSOLUTE
    ../../signal.c                           0x00000000   Number         0  defsig_fpe_formal.o ABSOLUTE
    ../../signal.c                           0x00000000   Number         0  defsig_rtmem_outer.o ABSOLUTE
    ../../signal.s                           0x00000000   Number         0  defsig.o ABSOLUTE
    ../../stdlib.c                           0x00000000   Number         0  exit.o ABSOLUTE
    ../../stkheap.s                          0x00000000   Number         0  heapext.o ABSOLUTE
    ../../stkheap1.s                         0x00000000   Number         0  stkheap1.o ABSOLUTE
    ../../stkheap2.s                         0x00000000   Number         0  stkheap2.o ABSOLUTE
    ../../unhosted.s                         0x00000000   Number         0  callvia.o ABSOLUTE
    ATM.c                                    0x00000000   Number         0  atm.o ABSOLUTE
    Startup.s                                0x00000000   Number         0  startup.o ABSOLUTE
    dc.s                                     0x00000000   Number         0  dc.o ABSOLUTE
    Undef_Handler                            0x00000040   ARM Code       4  startup.o(RESET)
    SWI_Handler                              0x00000044   ARM Code       4  startup.o(RESET)
    PAbt_Handler                             0x00000048   ARM Code       4  startup.o(RESET)
    DAbt_Handler                             0x0000004c   ARM Code       4  startup.o(RESET)
    IRQ_Handler                              0x00000050   ARM Code       4  startup.o(RESET)
    FIQ_Handler                              0x00000054   ARM Code       4  startup.o(RESET)
    !!!main                                  0x00000110   Section        8  __main.o(!!!main)
    !!!scatter                               0x00000118   Section       60  __scatter.o(!!!scatter)
    !!handler_copy                           0x00000154   Section       40  __scatter_copy.o(!!handler_copy)
    !!handler_zi                             0x0000017c   Section       44  __scatter_zi.o(!!handler_zi)
    .emb_text                                0x000001ac   Section       16  lib_init.o(.emb_text)
    .text                                    0x000001bc   Section       32  startup.o(.text)
    .text                                    0x000001dc   Section    14440  atm.o(.text)
    .text                                    0x00003a44   Section      384  aeabi_sdiv.o(.text)
    __arm_div8                               0x00003a70   ARM Code       0  aeabi_sdiv.o(.text)
    __arm_div4                               0x00003aa0   ARM Code       0  aeabi_sdiv.o(.text)
    __arm_div_large                          0x00003af4   ARM Code       0  aeabi_sdiv.o(.text)
    .text                                    0x00003bc4   Section       64  stkheap2.o(.text)
    .text                                    0x00003c04   Section      104  kernel.o(.text)
    .text                                    0x00003c6c   Section       96  sys_stackheap_outer.o(.text)
    .text                                    0x00003ccc   Section       16  rt_stackheap_storage_intlibspace.o(.text)
    .text                                    0x00003cdc   Section       24  sys_exit.o(.text)
    .text                                    0x00003cf4   Section       12  libspace.o(.text)
    .text                                    0x00003d00   Section       12  exit.o(.text)
    .text                                    0x00003d14   Section      206  lib_init.o(.text)
    .text                                    0x00003de4   Section       12  boardinit2.o(.text)
    .text                                    0x00003df0   Section       16  boardinit3.o(.text)
    .text                                    0x00003e00   Section        4  use_no_semi.o(.text)
    .text                                    0x00003e08   Section       16  rt_locale_intlibspace.o(.text)
    .text                                    0x00003e18   Section        6  no_argv.o(.text)
    .text                                    0x00003e20   Section       16  rt_fp_status_addr_intlibspace.o(.text)
    .text_udiv                               0x00003e30   Section       28  aeabi_sdiv.o(.text_udiv)
    x$fpl$fpinit                             0x00003e64   Section       24  fpinit.o(x$fpl$fpinit)
    .data                                    0x40000000   Section       76  atm.o(.data)
    .bss                                     0x4000004c   Section       24  atm.o(.bss)
    .bss                                     0x40000064   Section       96  libspace.o(.bss)
    HEAP                                     0x400000c8   Number         0  startup.o(HEAP)
    STACK                                    0x400000c8   Section     1160  startup.o(STACK)
    Heap_Mem                                 0x400000c8   Number         0  startup.o(HEAP)
    Stack_Mem                                0x400000c8   Data        1024  startup.o(STACK)
    Stack_Top                                0x40000550   Number         0  startup.o(STACK)

    Global Symbols

    Symbol Name                              Value     Ov Type        Size  Object(Section)

    BuildAttributes$$THM_ISAv1$ARM_ISAv4$M$S$PE$A:L22$X:L11$S22$IEEE1$IW$USESV6$~STKCKD$USESV7$~SHL$OSPACE$EBA8$STANDARDLIB$REQ8$PRES8$EABIv2 0x00000000   Number         0  anon$$obj.o ABSOLUTE
    __ARM_use_no_argv                        0x00000000   Number         0  atm.o ABSOLUTE
    __ARM_exceptions_init                     - Undefined Weak Reference
    __Heap_DescSize                           - Undefined Weak Reference
    __alloca_initialize                       - Undefined Weak Reference
    __cpp_initialize__aeabi_                  - Undefined Weak Reference
    __cxa_finalize                            - Undefined Weak Reference
    __rt_SIGABRT_inner                        - Undefined Weak Reference
    __rt_SIGCPPL_inner                        - Undefined Weak Reference
    __rt_SIGILL_inner                         - Undefined Weak Reference
    __rt_SIGINT_inner                         - Undefined Weak Reference
    __rt_SIGPVFN_inner                        - Undefined Weak Reference
    __rt_SIGRTRED_inner                       - Undefined Weak Reference
    __rt_SIGSEGV_inner                        - Undefined Weak Reference
    __rt_SIGSTAK_inner                        - Undefined Weak Reference
    __rt_SIGTERM_inner                        - Undefined Weak Reference
    __rt_SIGUSR1_inner                        - Undefined Weak Reference
    __rt_SIGUSR2_inner                        - Undefined Weak Reference
    __rt_sigother_inner                       - Undefined Weak Reference
    __sigvec_lookup                           - Undefined Weak Reference
    __user_heap_extend                        - Undefined Weak Reference
    _atexit_init                              - Undefined Weak Reference
    _call_atexit_fns                          - Undefined Weak Reference
    _clock_init                               - Undefined Weak Reference
    _fp_trap_init                             - Undefined Weak Reference
    _get_lc_collate                           - Undefined Weak Reference
    _get_lc_ctype                             - Undefined Weak Reference
    _get_lc_monetary                          - Undefined Weak Reference
    _get_lc_numeric                           - Undefined Weak Reference
    _get_lc_time                              - Undefined Weak Reference
    _getenv_init                              - Undefined Weak Reference
    _handle_redirection                       - Undefined Weak Reference
    _init_alloc                               - Undefined Weak Reference
    _init_user_alloc                          - Undefined Weak Reference
    _initio                                   - Undefined Weak Reference
    _rand_init                                - Undefined Weak Reference
    _signal_init                              - Undefined Weak Reference
    _terminate_user_alloc                     - Undefined Weak Reference
    _terminateio                              - Undefined Weak Reference
    Reset_Handler                            0x00000058   ARM Code       0  startup.o(RESET)
    __main                                   0x00000110   ARM Code       8  __main.o(!!!main)
    __scatterload                            0x00000118   ARM Code       0  __scatter.o(!!!scatter)
    __scatterload_rt2                        0x00000118   ARM Code      52  __scatter.o(!!!scatter)
    __scatterload_null                       0x0000012c   ARM Code       0  __scatter.o(!!!scatter)
    __scatterload_copy                       0x00000154   ARM Code      40  __scatter_copy.o(!!handler_copy)
    __scatterload_zeroinit                   0x0000017c   ARM Code      44  __scatter_zi.o(!!handler_zi)
    Inline Thumb to ARM Veneer to __ARM_argv_veneer 0x000001a9   Thumb Code     0  lib_init.o(.emb_text)
    __ARM_argv_veneer                        0x000001ac   ARM Code      16  lib_init.o(.emb_text)
    __user_initial_stackheap                 0x000001bc   ARM Code       0  startup.o(.text)
    delay_ms                                 0x000001dc   ARM Code      68  atm.o(.text)
    lpc2148_pll                              0x00000220   ARM Code      96  atm.o(.text)
    LCD_command                              0x00000280   ARM Code      76  atm.o(.text)
    LCD_init                                 0x000002cc   ARM Code      76  atm.o(.text)
    LCD_data                                 0x00000318   ARM Code      76  atm.o(.text)
    LCD_display                              0x00000364   ARM Code     196  atm.o(.text)
    LCD_str                                  0x00000428   ARM Code      56  atm.o(.text)
    putchar                                  0x00000460   ARM Code      80  atm.o(.text)
    getchar                                  0x000004b0   ARM Code      32  atm.o(.text)
    num                                      0x000004d0   ARM Code     120  atm.o(.text)
    putstr                                   0x00000548   ARM Code      52  atm.o(.text)
    keypad                                   0x0000057c   ARM Code    1296  atm.o(.text)
    disp_name                                0x00000a8c   ARM Code     564  atm.o(.text)
    mode_new_sec                             0x00000cc0   ARM Code     232  atm.o(.text)
    mode_sec                                 0x00000da8   ARM Code     508  atm.o(.text)
    bank                                     0x00000fa4   ARM Code    1028  atm.o(.text)
    bank_amout                               0x000013a8   ARM Code    1064  atm.o(.text)
    draw                                     0x000017d0   ARM Code     656  atm.o(.text)
    bank_2                                   0x00001a60   ARM Code    1664  atm.o(.text)
    cash_trasfer                             0x000020e0   ARM Code    2296  atm.o(.text)
    passward                                 0x000029d8   ARM Code    1640  atm.o(.text)
    petrol                                   0x00003040   ARM Code     216  atm.o(.text)
    Init_UART0                               0x00003118   ARM Code      80  atm.o(.text)
    Init_UART1                               0x00003168   ARM Code      84  atm.o(.text)
    UART1ISR                                 0x000031bc   ARM Code     248  atm.o(.text)
    UART0ISR                                 0x000032b4   ARM Code     164  atm.o(.text)
    Init_VIC                                 0x00003358   ARM Code      80  atm.o(.text)
    main                                     0x000033a8   ARM Code    1636  atm.o(.text)
    __aeabi_idiv                             0x00003a44   ARM Code       0  aeabi_sdiv.o(.text)
    __aeabi_idivmod                          0x00003a44   ARM Code     384  aeabi_sdiv.o(.text)
    __use_two_region_memory                  0x00003bc4   ARM Code       4  stkheap2.o(.text)
    __rt_stackheap_init                      0x00003bc8   ARM Code      36  stkheap2.o(.text)
    __rt_heap_extend                         0x00003bec   ARM Code      24  stkheap2.o(.text)
    __rt_entry                               0x00003c04   ARM Code      76  kernel.o(.text)
    __rt_exit                                0x00003c50   ARM Code      20  kernel.o(.text)
    __rt_abort                               0x00003c64   ARM Code       8  kernel.o(.text)
    __user_setup_stackheap                   0x00003c6c   ARM Code      96  sys_stackheap_outer.o(.text)
    __rt_stackheap_storage                   0x00003ccc   ARM Code      12  rt_stackheap_storage_intlibspace.o(.text)
    _sys_exit                                0x00003cdc   ARM Code      20  sys_exit.o(.text)
    __user_libspace                          0x00003cf4   ARM Code       8  libspace.o(.text)
    __user_perproc_libspace                  0x00003cf4   ARM Code       0  libspace.o(.text)
    __user_perthread_libspace                0x00003cf4   ARM Code       0  libspace.o(.text)
    exit                                     0x00003d01   Thumb Code    12  exit.o(.text)
    Inline ARM to Thumb Veneer to __rt_lib_init 0x00003d0c   ARM Code       0  lib_init.o(.text)
    __rt_lib_init                            0x00003d15   Thumb Code   184  lib_init.o(.text)
    __rt_lib_shutdown                        0x00003dcd   Thumb Code    22  lib_init.o(.text)
    _platform_post_stackheap_init            0x00003de4   ARM Code      12  boardinit2.o(.text)
    _platform_post_lib_init                  0x00003df0   ARM Code      16  boardinit3.o(.text)
    __I_use_semihosting                      0x00003e00   ARM Code       0  use_no_semi.o(.text)
    __use_no_semihosting_swi                 0x00003e00   ARM Code       4  use_no_semi.o(.text)
    Inline Thumb to ARM Veneer to __rt_locale 0x00003e05   Thumb Code     0  rt_locale_intlibspace.o(.text)
    __rt_locale                              0x00003e08   ARM Code      12  rt_locale_intlibspace.o(.text)
    __ARM_get_argv                           0x00003e19   Thumb Code     6  no_argv.o(.text)
    __rt_fp_status_addr                      0x00003e20   ARM Code      12  rt_fp_status_addr_intlibspace.o(.text)
    __aeabi_uidiv                            0x00003e30   ARM Code       0  aeabi_sdiv.o(.text_udiv)
    __aeabi_uidivmod                         0x00003e30   ARM Code      28  aeabi_sdiv.o(.text_udiv)
    Long ARM to Thumb Veneer to __rt_lib_shutdown 0x00003e4c   ARM Code       0  anon$$obj.o(Veneer$$Code)
    Short Thumb to ARM Veneer to __rt_exit   0x00003e59   Thumb Code     0  anon$$obj.o(Veneer$$Code)
    Inline Thumb to ARM Veneer to _fp_init   0x00003e61   Thumb Code     0  fpinit.o(x$fpl$fpinit)
    _fp_init                                 0x00003e64   ARM Code      24  fpinit.o(x$fpl$fpinit)
    __fplib_config_pureend_doubles           0x00003e74   ARM Code       0  fpinit.o(x$fpl$fpinit)
    Region$$Table$$Base                      0x00003e7c   Number         0  anon$$obj.o(Region$$Table)
    Region$$Table$$Limit                     0x00003e9c   Number         0  anon$$obj.o(Region$$Table)
    flag_u0                                  0x40000000   Data           1  atm.o(.data)
    flag_u1                                  0x40000001   Data           1  atm.o(.data)
    PATA                                     0x40000002   Data           1  atm.o(.data)
    keyp                                     0x40000003   Data           6  atm.o(.data)
    key1                                     0x40000009   Data           1  atm.o(.data)
    check                                    0x4000000a   Data           1  atm.o(.data)
    pp                                       0x4000000b   Data           1  atm.o(.data)
    pass                                     0x4000000c   Data           1  atm.o(.data)
    enter_pass                               0x4000000d   Data           1  atm.o(.data)
    Q                                        0x4000000e   Data           1  atm.o(.data)
    flag                                     0x4000000f   Data           1  atm.o(.data)
    fata                                     0x40000010   Data           1  atm.o(.data)
    pass_curt                                0x40000011   Data           1  atm.o(.data)
    temp                                     0x40000012   Data           1  atm.o(.data)
    PERSON                                   0x40000013   Data           1  atm.o(.data)
    card                                     0x40000014   Data           1  atm.o(.data)
    bk                                       0x40000015   Data           3  atm.o(.data)
    pr1                                      0x40000018   Data           1  atm.o(.data)
    pr2                                      0x40000019   Data           1  atm.o(.data)
    po1                                      0x4000001a   Data           1  atm.o(.data)
    po2                                      0x4000001b   Data           1  atm.o(.data)
    t                                        0x4000001c   Data           1  atm.o(.data)
    MODE                                     0x4000001d   Data           1  atm.o(.data)
    option_set                               0x4000001e   Data           1  atm.o(.data)
    option_m                                 0x4000001f   Data           1  atm.o(.data)
    check_yes                                0x40000020   Data           1  atm.o(.data)
    bank2                                    0x40000021   Data           1  atm.o(.data)
    baku2                                    0x40000022   Data           1  atm.o(.data)
    wrong                                    0x40000023   Data           1  atm.o(.data)
    high_low                                 0x40000024   Data           1  atm.o(.data)
    total_amu                                0x40000028   Data          24  atm.o(.data)
    b1                                       0x40000040   Data           4  atm.o(.data)
    b2                                       0x40000044   Data           4  atm.o(.data)
    rxdat                                    0x40000048   Data           1  atm.o(.data)
    k1                                       0x40000049   Data           1  atm.o(.data)
    k2                                       0x4000004a   Data           1  atm.o(.data)
    i                                        0x4000004b   Data           1  atm.o(.data)
    msg_read                                 0x4000004c   Data          12  atm.o(.bss)
    msg_read1                                0x40000058   Data          12  atm.o(.bss)
    __libspace_start                         0x40000064   Data          96  libspace.o(.bss)
    __temporary_stack_top_libspace           0x400000c4   Number         0  libspace.o(.bss)


================================================================================

Memory Map of the image

  Image Entry point : 0x00000110

  Load Region LR_IROM1 (Base: 0x00000000, Size: 0x00003ee8, Max: 0x00080000, ABSOLUTE)

    Execution Region ER_IROM1 (Base: 0x00000000, Size: 0x00003e9c, Max: 0x00080000, ABSOLUTE)

    Base Addr    Size         Type   Attr      Idx    E Section Name        Object

    0x00000000   0x00000110   Code   RO            3    RESET               startup.o
    0x00000110   0x00000008   Code   RO           69  * !!!main             __main.o(c_t.l)
    0x00000118   0x0000003c   Code   RO          172    !!!scatter          __scatter.o(c_t.l)
    0x00000154   0x00000028   Code   RO          174    !!handler_copy      __scatter_copy.o(c_t.l)
    0x0000017c   0x0000002c   Code   RO          176    !!handler_zi        __scatter_zi.o(c_t.l)
    0x000001a8   0x00000004   Ven    RO          100    .emb_text           lib_init.o(c_t.l)
    0x000001ac   0x00000010   Code   RO          100    .emb_text           lib_init.o(c_t.l)
    0x000001bc   0x00000020   Code   RO            4    .text               startup.o
    0x000001dc   0x00003868   Code   RO           12    .text               atm.o
    0x00003a44   0x00000180   Code   RO           51    .text               aeabi_sdiv.o(c_t.l)
    0x00003bc4   0x00000040   Code   RO           67    .text               stkheap2.o(c_t.l)
    0x00003c04   0x00000068   Code   RO           71    .text               kernel.o(c_t.l)
    0x00003c6c   0x00000060   Code   RO           74    .text               sys_stackheap_outer.o(c_t.l)
    0x00003ccc   0x00000010   Code   RO           83    .text               rt_stackheap_storage_intlibspace.o(c_t.l)
    0x00003cdc   0x00000018   Code   RO           89    .text               sys_exit.o(c_t.l)
    0x00003cf4   0x0000000c   Code   RO           91    .text               libspace.o(c_t.l)
    0x00003d00   0x0000000c   Code   RO           96    .text               exit.o(c_t.l)
    0x00003d0c   0x00000008   Ven    RO          101    .text               lib_init.o(c_t.l)
    0x00003d14   0x000000ce   Code   RO          101    .text               lib_init.o(c_t.l)
    0x00003de2   0x00000002   PAD
    0x00003de4   0x0000000c   Code   RO          106    .text               boardinit2.o(c_t.l)
    0x00003df0   0x00000010   Code   RO          108    .text               boardinit3.o(c_t.l)
    0x00003e00   0x00000004   Code   RO          112    .text               use_no_semi.o(c_t.l)
    0x00003e04   0x00000004   Ven    RO          117    .text               rt_locale_intlibspace.o(c_t.l)
    0x00003e08   0x00000010   Code   RO          117    .text               rt_locale_intlibspace.o(c_t.l)
    0x00003e18   0x00000006   Code   RO          131    .text               no_argv.o(c_t.l)
    0x00003e1e   0x00000002   PAD
    0x00003e20   0x00000010   Code   RO          142    .text               rt_fp_status_addr_intlibspace.o(c_t.l)
    0x00003e30   0x0000001c   Code   RO           52    .text_udiv          aeabi_sdiv.o(c_t.l)
    0x00003e4c   0x0000000c   Ven    RO          182    Veneer$$Code        anon$$obj.o
    0x00003e58   0x00000008   Ven    RO          183    Veneer$$Code        anon$$obj.o
    0x00003e60   0x00000004   Ven    RO          133    x$fpl$fpinit        fpinit.o(fz_ts.l)
    0x00003e64   0x00000018   Code   RO          133    x$fpl$fpinit        fpinit.o(fz_ts.l)
    0x00003e7c   0x00000020   Data   RO          171    Region$$Table       anon$$obj.o


    Execution Region RW_IRAM1 (Base: 0x40000000, Size: 0x00000550, Max: 0x00008000, ABSOLUTE)

    Base Addr    Size         Type   Attr      Idx    E Section Name        Object

    0x40000000   0x0000004c   Data   RW           13    .data               atm.o
    0x4000004c   0x00000018   Zero   RW           14    .bss                atm.o
    0x40000064   0x00000060   Zero   RW           92    .bss                libspace.o(c_t.l)
    0x400000c4   0x00000004   PAD
    0x400000c8   0x00000000   Zero   RW            2    HEAP                startup.o
    0x400000c8   0x00000488   Zero   RW            1    STACK               startup.o


================================================================================

Image component sizes


      Code (inc. data)   RO Data    RW Data    ZI Data      Debug   Object Name

     14440       1504          0         76         24      15082   atm.o
       304         60          0          0       1160        449   startup.o

    ------------------------------------------------------------------------
     14764       1568         32         76       1184      15532   Object Totals
        20          4         32          0          0          0   (incl. Generated)
         0          0          0          0          0          1   (incl. Padding)

    ------------------------------------------------------------------------

      Code (inc. data)   RO Data    RW Data    ZI Data      Debug   Library Member Name

         8          0          0          0          0          0   __main.o
        60          8          0          0          0          0   __scatter.o
        40          0          0          0          0          0   __scatter_copy.o
        44          0          0          0          0          0   __scatter_zi.o
       412          0          0          0          0          0   aeabi_sdiv.o
        12          0          0          0          0          0   boardinit2.o
        16          0          0          0          0          0   boardinit3.o
        12          0          0          0          0          0   exit.o
        28          0          0          0          0          0   fpinit.o
       104          4          0          0          0          0   kernel.o
       234          4          0          0          0          0   lib_init.o
        12          4          0          0         96          0   libspace.o
         6          0          0          0          0          0   no_argv.o
        16          4          0          0          0          0   rt_fp_status_addr_intlibspace.o
        20          4          0          0          0          0   rt_locale_intlibspace.o
        16          4          0          0          0          0   rt_stackheap_storage_intlibspace.o
        64          0          0          0          0          0   stkheap2.o
        24          8          0          0          0          0   sys_exit.o
        96          0          0          0          0          0   sys_stackheap_outer.o
         4          0          0          0          0          0   use_no_semi.o

    ------------------------------------------------------------------------
      1232         40          0          0        100          0   Library Totals
         4          0          0          0          4          0   (incl. Padding)

    ------------------------------------------------------------------------

      Code (inc. data)   RO Data    RW Data    ZI Data      Debug   Library Name

      1200         40          0          0         96          0   c_t.l
        28          0          0          0          0          0   fz_ts.l

    ------------------------------------------------------------------------
      1232         40          0          0        100          0   Library Totals

    ------------------------------------------------------------------------

================================================================================


      Code (inc. data)   RO Data    RW Data    ZI Data      Debug   

     15996       1608         32         76       1284      15532   Grand Totals
     15996       1608         32         76       1284      15532   ELF Image Totals
     15996       1608         32         76          0          0   ROM Totals

================================================================================

    Total RO  Size (Code + RO Data)                16028 (  15.65kB)
    Total RW  Size (RW Data + ZI Data)              1360 (   1.33kB)
    Total ROM Size (Code + RO Data + RW Data)      16104 (  15.73kB)

================================================================================

